generating table question 1/20: table_group_055
generating table question 2/20: table_group_003
generating table question 3/20: table_group_059
generating table question 4/20: table_group_001
generating table question 5/20: table_group_009
generating table question 6/20: table_group_039
generating table question 7/20: table_group_005
generating table question 8/20: table_group_002
generating table question 9/20: table_group_062
generating table question 10/20: table_group_007
generating table question 11/20: table_154
generating table question 12/20: table_group_004
generating table question 13/20: table_group_058
generating table question 14/20: table_019
generating table question 15/20: table_group_048
generating table question 16/20: table_group_060
generating table question 17/20: table_group_013
generating table question 18/20: table_group_029
generating table question 19/20: table_group_017
generating table question 20/20: table_group_051
{
  "n": 20,
  "output": "0525_redo/common/msft_fy2025_golden_eval_table20.json"
}
wrote 0525_redo/common/msft_fy2025_golden_eval_table20.json
